Running with path_num_1=13, path_num_2=13
Machine Epsilon by default (not privacy budget): k=52, eps=2.220446049250313e-16
Machine Epsilon by our mpmath (not privacy budget): k=168, eps=2.672764710092195646140536467151481878815196880105e-51
*********************************************
Finish testing accuracy
*********************************************
*********************************************
Finish reading allocation path
*********************************************
tolerance: 1.0e-35 rho 4.9622 L: 49622.0
U is set to be 410000.0
N is set to be 850000.0
*********************************************
Finish preparing parameters
*********************************************
*********************************************
Finish defining characteristic and weight functions
*********************************************
Stopped at sigma2: 909.09090909090909090909090909090909090909090909091, a_i_L: 11.0, zeta: 0.0093400321643424567525826441954165406727066993153821, char_single: 2.1143617453424234624630860442509052820030699325526e-42
Stopped at sigma2: 136.98630136986301369863013698630136986301369863014, a_i_L: 73.0, zeta: 0.0038176320148921013506563801088842241254314324664785, char_single: 2.5995272571739764013192995805714811057180983571481e-42
Stopped at sigma2: 34.246575342465753424657534246575342465753424657534, a_i_L: 292.0, zeta: 0.0057221440403596938749563065880798795743577088535713, char_single: 3.001797402327071943672367701312462212854101361737e-42
Stopped at sigma2: 32.258064516129032258064516129032258064516129032258, a_i_L: 310.0, zeta: 0.0019641985368398191762930813201696318562424771803242, char_single: 2.7962850854967029882240395830556978517512109966513e-42
Stopped at sigma2: 23.255813953488372093023255813953488372093023255814, a_i_L: 430.0, zeta: 0.0014913097370148103481867697401351404134316539128482, char_single: 2.934011038539336114401580217201323094368530020717e-42
Stopped at sigma2: 20.920502092050209205020920502092050209205020920502, a_i_L: 478.0, zeta: 0.0010543135100869979564618923884760634222626506466763, char_single: 2.9109828030715846384190500794086925557880223357988e-42
Stopped at sigma2: 11.520737327188940092165898617511520737327188940092, a_i_L: 868.0, zeta: 0.0011735094457531134055963865095743586495043680764415, char_single: 2.9477855619969997120528101959110215507897286120954e-42
Stopped at sigma2: 10.01001001001001001001001001001001001001001001001, a_i_L: 999.0, zeta: 0.0010312625167542712794981989913306290090686553682115, char_single: 2.9715243140271530862266218667460570398389172398479e-42
Stopped at sigma2: 8.0645161290322580645161290322580645161290322580645, a_i_L: 1240.0, zeta: 0.0019634383980871722549374821789588831496270757687407, char_single: 3.0111841216216944335503497255985021664961468040921e-42
Stopped at sigma2: 5.2301255230125523012552301255230125523012552301255, a_i_L: 1912.0, zeta: 0.0015817989164740402644270280476084904901527348142222, char_single: 3.0430594128634026895196676953950037306963171616772e-42
2.880184331797235023041474654377880184331797235023 is not used in threshold computation, skipping.
2.5025025025025025025025025025025025025025025025025 is not used in threshold computation, skipping.
*********************************************
Finish determining nodes
*********************************************
*********************************************
Finish evaluating characteristic function
*********************************************
delta: 1e-1
eps_zcdp: 11.722640147935651532147265159134133779078549105053
t_0, T_0: 1.3623876804513424553922182014296347948648883771418 3.3623876804513424553922182014296347948648883771418
delta: 5e-1
eps_zcdp: 8.6713966458383198610191205895232251030349356444878
t_0, T_0: 0.74749035626099711035813159274580329350589166992217 2.7474903562609971103581315927458032935058916699222
delta: 1e-2
eps_zcdp: 14.522906144822171446983689015849892625334233685326
t_0, T_0: 1.9267071349043108796468681262040813803019293227451 3.9267071349043108796468681262040813803019293227451
delta: 5e-2
eps_zcdp: 12.673340690670768485878004085313284122055101191436
t_0, T_0: 1.5539761981924889133606070060282302450637018240773 3.5539761981924889133606070060282302450637018240773
delta: 1e-3
eps_zcdp: 16.671625817753005514738379466518576477673896369144
t_0, T_0: 2.359724682147637240485748149312517931093848770534 4.359724682147637240485748149312517931093848770534
delta: 5e-3
eps_zcdp: 15.217210567773134694022770052245397621018937758513
t_0, T_0: 2.0666258046376878590187356519780334571397641688189 4.0666258046376878590187356519780334571397641688189
delta: 1e-4
eps_zcdp: 18.483080295871303064294530318268267558157098210106
t_0, T_0: 2.7247753609026849107844364028592695897297767542836 4.7247753609026849107844364028592695897297767542836
delta: 5e-4
eps_zcdp: 17.245065819464075069415781819490493336700202445963
t_0, T_0: 2.4752863285365513420288948086515040378663097912143 4.4752863285365513420288948086515040378663097912143
delta: 1e-5
eps_zcdp: 20.079003728602851376794634074850503858829093290368
t_0, T_0: 3.0463914651974630963674648492302817014286190178485 5.0463914651974630963674648492302817014286190178485
delta: 5e-5
eps_zcdp: 18.982625946909712141796808713532594953181983398303
t_0, T_0: 2.8254455577989021284504471229560668560682728221964 4.8254455577989021284504471229560668560682728221964
delta: 1e-6
eps_zcdp: 21.521828799067969562118118613180983807576065871147
t_0, T_0: 3.3371546489597294671956226297168561943444572711996 5.3371546489597294671956226297168561943444572711996
delta: 5e-6
eps_zcdp: 20.527414252511891213316665506019508421171241588988
t_0, T_0: 3.1367567313916994908138860799684632665292091388876 5.1367567313916994908138860799684632665292091388876
delta: 1e-7
eps_zcdp: 22.848643384774444806023779734079408980163099544135
t_0, T_0: 3.6045389917323857978363991241947944420142476208405 5.6045389917323857978363991241947944420142476208405
delta: 5e-7
eps_zcdp: 21.932157151401989509243193199895768006006022537999
t_0, T_0: 3.4198454619729131250741995888710185010692883273545 5.4198454619729131250741995888710185010692883273545
delta: 1e-8
eps_zcdp: 24.083612289644342893967378031699785250668467370652
t_0, T_0: 3.8534142698086217592937362524081627606038586454903 5.8534142698086217592937362524081627606038586454903
delta: 5e-8
eps_zcdp: 23.229191999621605469252182735167132394479132690962
t_0, T_0: 3.6812284872882200373326715439053509319413027872641 5.6812284872882200373326715439053509319413027872641
delta: 1e-9
eps_zcdp: 25.243520443806954596441795477402401337235647315159
t_0, T_0: 4.0871630413540273661766546042889043845946651314255 6.0871630413540273661766546042889043845946651314255
delta: 5e-9
eps_zcdp: 24.440047614869050367248036389671519852744614253077
t_0, T_0: 3.9252443704141409792527581293925113564033320408442 5.9252443704141409792527581293925113564033320408442
delta: 1e-10
eps_zcdp: 26.340588852722324353781974500154992685015224391761
t_0, T_0: 4.3082481263798968912542772359346646013895498754103 6.3082481263798968912542772359346646013895498754103
delta: 5e-10
eps_zcdp: 25.579913226783424446330830495104039364625040104694
t_0, T_0: 4.1549540983401363198441881615219135392819797881371 6.1549540983401363198441881615219135392819797881371
delta: 1e-11
eps_zcdp: 27.384043388357308604847965661029946077426326622372
t_0, T_0: 4.5185287550597131524017503649651255647548117009334 6.5185287550597131524017503649651255647548117009334
delta: 5e-11
eps_zcdp: 26.659979833330883491498426269077235612248255880349
t_0, T_0: 4.3726129203439771656721668350887178292386957156803 6.3726129203439771656721668350887178292386957156803
delta: 1e-12
eps_zcdp: 28.381051635506011029476758933037152955347792738288
t_0, T_0: 4.719449364295274480971496298625035862187697541068 6.719449364295274480971496298625035862187697541068
delta: 5e-12
eps_zcdp: 27.68877476808858225176812765629249164801567725676
t_0, T_0: 4.5799392946855391261472991125493715787383977382531 6.5799392946855391261472991125493715787383977382531
delta: 1e-13
eps_zcdp: 29.337313598087348845104741989269845770858738219659
t_0, T_0: 4.9121586389277636623079968540707439786503442464349 6.9121586389277636623079968540707439786503442464349
delta: 5e-13
eps_zcdp: 28.672972903541984920285976953238287225100388986965
t_0, T_0: 4.7782783651489228407331379132719937175245634974336 6.7782783651489228407331379132719937175245634974336
delta: 1e-14
eps_zcdp: 30.257450817366547623230352526301465048301079451376
t_0, T_0: 5.097587928210581520944410246725538077526314830393 7.097587928210581520944410246725538077526314830393
delta: 5e-14
eps_zcdp: 29.6179154160482843634743070593699385793673520008
t_0, T_0: 4.9687065043827907709230395911833337187875039298698 6.9687065043827907709230395911833337187875039298698
delta: 1e-15
eps_zcdp: 31.145272105986784101591406607840672346123349451243
t_0, T_0: 5.2765047974662013021626308104954803002948993291772 7.2765047974662013021626308104954803002948993291772
delta: 5e-15
eps_zcdp: 30.527955487976122746188655674932495851322631771873
t_0, T_0: 5.1521009810116727955722574009375873304829776655259 7.1521009810116727955722574009375873304829776655259
delta: 1e-16
eps_zcdp: 32.003960591742606128589060636536535116314196420213
t_0, T_0: 5.4495507218053698215688728057185391794595535085673 7.4495507218053698215688728057185391794595535085673
delta: 5e-16
eps_zcdp: 31.406696680118558309645077590595652834786008499968
t_0, T_0: 5.3291879972831724456178867418878023527439459312338 7.3291879972831724456178867418878023527439459312338
delta: 1e-17
eps_zcdp: 32.836208805604974149044925216248429563399098368351
t_0, T_0: 5.6172683095411257404064578647068698487362658434466 7.6172683095411257404064578647068698487362658434466
delta: 5e-17
eps_zcdp: 32.257162093005765264931845755795889048265725622843
t_0, T_0: 5.5005767790507769265510954326298595478347760313656 7.5005767790507769265510954326298595478347760313656
delta: 1e-18
eps_zcdp: 33.644318434466514340951067047549677876002701055978
t_0, T_0: 5.7801214047129326389406043786122441409057879682354 7.7801214047129326389406043786122441409057879682354
delta: 5e-18
eps_zcdp: 33.081917399939172930619037913190278354542549064983
t_0, T_0: 5.6667843698237017715164721118032885322120327808196 7.6667843698237017715164721118032885322120327808196
delta: 1e-19
eps_zcdp: 34.430275418706666284962921321832790835830197126173
t_0, T_0: 5.9385102210121853784536941924615676183608474318192 7.9385102210121853784536941924615676183608474318192
delta: 5e-19
eps_zcdp: 33.883162253117756420097915483096338444294237761636
t_0, T_0: 5.828254051251008911389689146567316602372785813074 7.828254051251008911389689146567316602372785813074
delta: 1e-20
eps_zcdp: 35.195807457205702753589268149701007717658186580736
t_0, T_0: 6.092782930394926192734929698460563402857238035697 8.092782930394926192734929698460563402857238035697
delta: 5e-20
eps_zcdp: 34.66279946600543461736723779443149715203433404249
t_0, T_0: 5.9853692849956540682292607703098418346770251183931 7.9853692849956540682292607703098418346770251183931
delta: 1e-21
eps_zcdp: 35.942428709133580142812828852282397109413924529952
t_0, T_0: 6.2432446715435855352087438741450157408838669400572 8.2432446715435855352087438741450157408838669400572
delta: 5e-21
eps_zcdp: 35.422488239507887524770920519019079534739571817859
t_0, T_0: 6.1384644390608777406736771027002296430493675824954 8.1384644390608777406736771027002296430493675824954
*********************************************
Finish evaluating weight function
*********************************************
eps_zcdp: 11.722640147935651532147265159134133779078549105053
delta_str: 1e-1
delta_fdp_first_term: 0.015937719887407812755811930028918829184346466301824
eps_zcdp: 8.6713966458383198610191205895232251030349356444878
delta_str: 5e-1
delta_fdp_first_term: 0.11951889926694317480207959584788982211254854936516
eps_zcdp: 14.522906144822171446983689015849892625334233685326
delta_str: 1e-2
delta_fdp_first_term: 0.0012032041935371164787747843740103310624492562053825
eps_zcdp: 12.673340690670768485878004085313284122055101191436
delta_str: 5e-2
delta_fdp_first_term: 0.0071875722655723143716778752204499470449947672756509
eps_zcdp: 16.671625817753005514738379466518576477673896369144
delta_str: 1e-3
delta_fdp_first_term: 0.00010082919699080303094105281220119690847915653506699
eps_zcdp: 15.217210567773134694022770052245397621018937758513
delta_str: 5e-3
delta_fdp_first_term: 0.00056644344799805565323384418307644392579871852419664
eps_zcdp: 18.483080295871303064294530318268267558157098210106
delta_str: 1e-4
delta_fdp_first_term: 0.0000088566414124241085954136106936358662441189225032349
eps_zcdp: 17.245065819464075069415781819490493336700202445963
delta_str: 5e-4
delta_fdp_first_term: 0.000048306519700060157957057195179004948929990346118637
eps_zcdp: 20.079003728602851376794634074850503858829093290368
delta_str: 1e-5
delta_fdp_first_term: 0.00000079912956463014610789710073062857082304301418301291
eps_zcdp: 18.982625946909712141796808713532594953181983398303
delta_str: 5e-5
delta_fdp_first_term: 0.0000042833216829977433909805726227728515354594582874514
eps_zcdp: 21.521828799067969562118118613180983807576065871147
delta_str: 1e-6
delta_fdp_first_term: 0.000000073400018127525522810591295498292853541162323337004
eps_zcdp: 20.527414252511891213316665506019508421171241588988
delta_str: 5e-6
delta_fdp_first_term: 0.00000038886143834250366085314679145697569409053551351709
eps_zcdp: 22.848643384774444806023779734079408980163099544135
delta_str: 1e-7
delta_fdp_first_term: 0.0000000068261116224627550258254265133576567076403891594527
eps_zcdp: 21.932157151401989509243193199895768006006022537999
delta_str: 5e-7
delta_fdp_first_term: 0.000000035867567795306047473556532726451813751072998516436
eps_zcdp: 24.083612289644342893967378031699785250668467370652
delta_str: 1e-8
delta_fdp_first_term: 0.00000000064066531455763793953573764786197526060655534838394
eps_zcdp: 23.229191999621605469252182735167132394479132690962
delta_str: 5e-8
delta_fdp_first_term: 0.0000000033460016225685965775826074635305215306350711679225
eps_zcdp: 25.243520443806954596441795477402401337235647315159
delta_str: 1e-9
delta_fdp_first_term: 0.000000000060565904686362396499773078719628812397656329071981
eps_zcdp: 24.440047614869050367248036389671519852744614253077
delta_str: 5e-9
delta_fdp_first_term: 0.00000000031476762777542119209684835247918175233360773366434
eps_zcdp: 26.340588852722324353781974500154992685015224391761
delta_str: 1e-10
delta_fdp_first_term: 0.0000000000057591447474869596677942561691547077223972616472529
eps_zcdp: 25.579913226783424446330830495104039364625040104694
delta_str: 5e-10
delta_fdp_first_term: 0.000000000029809284580582411664176375848478018988641891822513
eps_zcdp: 27.384043388357308604847965661029946077426326622372
delta_str: 1e-11
delta_fdp_first_term: 0.00000000000055004453761650042960564154432470365215952440706406
eps_zcdp: 26.659979833330883491498426269077235612248255880349
delta_str: 5e-11
delta_fdp_first_term: 0.0000000000028387652175804728616592455754599488177636601428663
eps_zcdp: 28.381051635506011029476758933037152955347792738288
delta_str: 1e-12
delta_fdp_first_term: 0.00000000000005274324022819395772401102303733979334116707762442
eps_zcdp: 27.68877476808858225176812765629249164801567725676
delta_str: 5e-12
delta_fdp_first_term: 0.00000000000027148493462541981250918081242867738060288538845183
eps_zcdp: 29.337313598087348845104741989269845770858738219659
delta_str: 1e-13
delta_fdp_first_term: 0.0000000000000050734379952969962797898445515475331918113441603582
eps_zcdp: 28.672972903541984920285976953238287225100388986965
delta_str: 5e-13
delta_fdp_first_term: 0.000000000000026058909856414892675829265511491835480139811569947
eps_zcdp: 30.257450817366547623230352526301465048301079451376
delta_str: 1e-14
delta_fdp_first_term: 4.8947571868781003613508153090564918958804039676004e-16
eps_zcdp: 29.6179154160482843634743070593699385793673520008
delta_str: 5e-14
delta_fdp_first_term: 0.0000000000000025087362952556831172765254143743755989336700519624
eps_zcdp: 31.145272105986784101591406607840672346123349451243
delta_str: 1e-15
delta_fdp_first_term: 4.7336156986156372985010234017910310778065766882613e-17
eps_zcdp: 30.527955487976122746188655674932495851322631771873
delta_str: 5e-15
delta_fdp_first_term: 2.422249201097417630761738689596993579734329309928e-16
eps_zcdp: 32.003960591742606128589060636536535116314196420213
delta_str: 1e-16
delta_fdp_first_term: 4.5870509775453756373388040535848055010096190436591e-18
eps_zcdp: 31.406696680118558309645077590595652834786008499968
delta_str: 5e-16
delta_fdp_first_term: 2.3441912060511736226663066176755936131285363935642e-17
eps_zcdp: 32.836208805604974149044925216248429563399098368351
delta_str: 1e-17
delta_fdp_first_term: 4.4527814886554642082832207730645674358788717267469e-19
eps_zcdp: 32.257162093005765264931845755795889048265725622843
delta_str: 5e-17
delta_fdp_first_term: 2.2727943793384549565554341283972666783233766284251e-18
eps_zcdp: 33.644318434466514340951067047549677876002701055978
delta_str: 1e-18
delta_fdp_first_term: 4.3303301490643158677326180437831091503353220221969e-20
eps_zcdp: 33.081917399939172930619037913190278354542549064983
delta_str: 5e-18
delta_fdp_first_term: 2.2074509378915945379182646477267011344990928847291e-19
eps_zcdp: 34.430275418706666284962921321832790835830197126173
delta_str: 1e-19
delta_fdp_first_term: 4.2180770963593778537937670280371901103891674025115e-21
eps_zcdp: 33.883162253117756420097915483096338444294237761636
delta_str: 5e-19
delta_fdp_first_term: 2.1479625569071596988561398112486198172413274248001e-20
eps_zcdp: 35.195807457205702753589268149701007717658186580736
delta_str: 1e-20
delta_fdp_first_term: 4.11264919474565113392978844795865009866200971158e-22
eps_zcdp: 34.66279946600543461736723779443149715203433404249
delta_str: 5e-20
delta_fdp_first_term: 2.0930340162145098577967206695433681374609391687601e-21
eps_zcdp: 35.942428709133580142812828852282397109413924529952
delta_str: 1e-21
delta_fdp_first_term: 4.0157644570762955200597283451746945002341372754782e-23
eps_zcdp: 35.422488239507887524770920519019079534739571817859
delta_str: 5e-21
delta_fdp_first_term: 2.0418434745374771636799924580058022783339697658796e-22
*********************************************
Finish first term integration and saved
*********************************************
eps_zcdp: 11.722640147935651532147265159134133779078549105053
delta_str: 1e-1
delta_fdp_second_term: 0.0072884376188316036748599951575396269098659723767572
eps_zcdp: 8.6713966458383198610191205895232251030349356444878
delta_str: 5e-1
delta_fdp_second_term: 0.043949690908999087879212178813598718081612635541931
eps_zcdp: 14.522906144822171446983689015849892625334233685326
delta_str: 1e-2
delta_fdp_second_term: 0.00062925913780266534480972276600033324620161548845624
eps_zcdp: 12.673340690670768485878004085313284122055101191436
delta_str: 5e-2
delta_fdp_second_term: 0.0034589175303685234886784415112538841287618624179723
eps_zcdp: 16.671625817753005514738379466518576477673896369144
delta_str: 1e-3
delta_fdp_second_term: 0.000056929838436557200370062423442958972415232896369904
eps_zcdp: 15.217210567773134694022770052245397621018937758513
delta_str: 5e-3
delta_fdp_second_term: 0.00030428604920204268004832623743744558734700002067116
eps_zcdp: 18.483080295871303064294530318268267558157098210106
delta_str: 1e-4
delta_fdp_second_term: 0.0000052689391532059176589353730388815423205299047821446
eps_zcdp: 17.245065819464075069415781819490493336700202445963
delta_str: 5e-4
delta_fdp_second_term: 0.000027759677239449131852774372132139349283198038096778
eps_zcdp: 20.079003728602851376794634074850503858829093290368
delta_str: 1e-5
delta_fdp_second_term: 0.00000049423652844851084207541462552488039289337715747447
eps_zcdp: 18.982625946909712141796808713532594953181983398303
delta_str: 5e-5
delta_fdp_second_term: 0.0000025809407332829070880178920534761588765352494366463
eps_zcdp: 21.521828799067969562118118613180983807576065871147
delta_str: 1e-6
delta_fdp_second_term: 0.00000004680710829587568441605591431072089693804362359024
eps_zcdp: 20.527414252511891213316665506019508421171241588988
delta_str: 5e-6
delta_fdp_second_term: 0.00000024290180700583682548512327424599709360747524591997
eps_zcdp: 22.848643384774444806023779734079408980163099544135
delta_str: 1e-7
delta_fdp_second_term: 0.0000000044630898519963763350460826651026903992636119249562
eps_zcdp: 21.932157151401989509243193199895768006006022537999
delta_str: 5e-7
delta_fdp_second_term: 0.000000023057511511392589503680729456479592167950795883306
eps_zcdp: 24.083612289644342893967378031699785250668467370652
delta_str: 1e-8
delta_fdp_second_term: 0.00000000042772392409364589548562321721808042763049540037306
eps_zcdp: 23.229191999621605469252182735167132394479132690962
delta_str: 5e-8
delta_fdp_second_term: 0.0000000022024427883802712894366047806921873837247259801317
eps_zcdp: 25.243520443806954596441795477402401337235647315159
delta_str: 1e-9
delta_fdp_second_term: 0.000000000041165326633248790105470188911310660244175884611383
eps_zcdp: 24.440047614869050367248036389671519852744614253077
delta_str: 5e-9
delta_fdp_second_term: 0.0000000002113481440307014220146293822958040474857040789206
eps_zcdp: 26.340588852722324353781974500154992685015224391761
delta_str: 1e-10
delta_fdp_second_term: 0.0000000000039759454124452056134531706336915443170074867587618
eps_zcdp: 25.579913226783424446330830495104039364625040104694
delta_str: 5e-10
delta_fdp_second_term: 0.000000000020360096524266804438787588562991107726103373534535
eps_zcdp: 27.384043388357308604847965661029946077426326622372
delta_str: 1e-11
delta_fdp_second_term: 0.00000000000038494867938284703409527057755554858511938916831297
eps_zcdp: 26.659979833330883491498426269077235612248255880349
delta_str: 5e-11
delta_fdp_second_term: 0.0000000000019682209744277259507126031211821646810093471830307
eps_zcdp: 28.381051635506011029476758933037152955347792738288
delta_str: 1e-12
delta_fdp_second_term: 0.000000000000037364810977090342140051798861434696608854913323273
eps_zcdp: 27.68877476808858225176812765629249164801567725676
delta_str: 5e-12
delta_fdp_second_term: 0.00000000000019072993655274059469947803562981138889375237234208
eps_zcdp: 29.337313598087348845104741989269845770858738219659
delta_str: 1e-13
delta_fdp_second_term: 0.0000000000000036335382119549039472468922793280487812230079712547
eps_zcdp: 28.672972903541984920285976953238287225100388986965
delta_str: 5e-13
delta_fdp_second_term: 0.000000000000018524346265026516777103078510874622789638231167335
eps_zcdp: 30.257450817366547623230352526301465048301079451376
delta_str: 1e-14
delta_fdp_second_term: 3.5405490249420189387921820781815035836517475554081e-16
eps_zcdp: 29.6179154160482843634743070593699385793673520008
delta_str: 5e-14
delta_fdp_second_term: 0.0000000000000018022725579141610579338474752565504132505462476279
eps_zcdp: 31.145272105986784101591406607840672346123349451243
delta_str: 1e-15
delta_fdp_second_term: 3.4550555439136859326536952144068076813952655674885e-17
eps_zcdp: 30.527955487976122746188655674932495851322631771873
delta_str: 5e-15
delta_fdp_second_term: 1.7570166052401201339035862300406080469507987516165e-16
eps_zcdp: 32.003960591742606128589060636536535116314196420213
delta_str: 1e-16
delta_fdp_second_term: 3.3757963308803495092947401994260621922448371182746e-18
eps_zcdp: 31.406696680118558309645077590595652834786008499968
delta_str: 5e-16
delta_fdp_second_term: 1.7154469935769935803630155866521482890388188267792e-17
eps_zcdp: 32.836208805604974149044925216248429563399098368351
delta_str: 1e-17
delta_fdp_second_term: 3.3018152696114451401343781389700484074042547449891e-19
eps_zcdp: 32.257162093005765264931845755795889048265725622843
delta_str: 5e-17
delta_fdp_second_term: 1.6765845580927072060844942599439573102268327095111e-18
eps_zcdp: 33.644318434466514340951067047549677876002701055978
delta_str: 1e-18
delta_fdp_second_term: 3.2335157335316016604185716790161871473901901038348e-20
eps_zcdp: 33.081917399939172930619037913190278354542549064983
delta_str: 5e-18
delta_fdp_second_term: 1.640432657498266328700695420094784855826800262351e-19
eps_zcdp: 34.430275418706666284962921321832790835830197126173
delta_str: 1e-19
delta_fdp_second_term: 3.1661933394695411366716251013388768887264181012427e-21
eps_zcdp: 33.883162253117756420097915483096338444294237761636
delta_str: 5e-19
delta_fdp_second_term: 1.6070607838881511990950471730898876825853304796184e-20
eps_zcdp: 35.195807457205702753589268149701007717658186580736
delta_str: 1e-20
delta_fdp_second_term: 3.0127252857712991348030171175171685838005487365971e-22
eps_zcdp: 34.66279946600543461736723779443149715203433404249
delta_str: 5e-20
delta_fdp_second_term: 1.5706092851065110857748662428752297696707686269362e-21
eps_zcdp: 35.942428709133580142812828852282397109413924529952
delta_str: 1e-21
delta_fdp_second_term: 9.9866586406517519522153028984831614200555087709177e-24
eps_zcdp: 35.422488239507887524770920519019079534739571817859
delta_str: 5e-21
delta_fdp_second_term: 1.4247432445683731537160508862905453088508468273803e-22
*********************************************
Finish second term integration and saved
*********************************************
✅ delta_fdp saved with full 50-digit precision.

✅ Total runtime: 0.37 Hours
